// Jest Snapshot v1, https://goo.gl/fbAQLP

exports[`Story should render default correctly 1`] = `
<div
  className="bpk-grid__row bpk-grid__row--padded"
>
  <div
    className="bpk-grid__column bpk-grid__column--12 bpk-grid__column--padded"
  >
    <div
      className="bpk-card bpk-card--padded Story__card"
      role="button"
    >
      <div
        className="Story__authorContainer"
      >
        <svg
          className="Story__authorIcon"
          height="24"
          style={
            Object {
              "height": "1.5rem",
              "width": "1.5rem",
            }
          }
          viewBox="0 0 24 24"
          width="24"
          xmlns="http://www.w3.org/2000/svg"
        >
          <path
            d="M3 21v-3.1c0-2.8 2.2-5 5-5h8c2.8 0 5 2.2 5 5V21H3zM16 7c0-2.2-1.8-4-4-4S8 4.8 8 7s1.8 4 4 4 4-1.8 4-4z"
          />
        </svg>
        <p
          className="bpk-text bpk-text--base Story__authorUsername"
        >
          
        </p>
      </div>
      <div
        className="Story__locationContainer"
      >
        <svg
          className="Story__locationIcon"
          height="24"
          style={
            Object {
              "height": "1.5rem",
              "width": "1.5rem",
            }
          }
          viewBox="0 0 24 24"
          width="24"
          xmlns="http://www.w3.org/2000/svg"
        >
          <path
            d="M18.1 4.8C16.6 3 14.3 2 12 2S7.5 3 5.9 4.8C3.1 8 3.5 12.6 6.5 16l4.8 5.7c.2.2.4.3.7.3.3 0 .5-.1.7-.3l4.8-5.7c3.1-3.4 3.4-8 .6-11.2zm-4 7.3c-1.2 1.2-3.1 1.2-4.2 0-.6-.6-.9-1.3-.9-2.1 0-1.6 1.3-3 3-3s3 1.3 3 3c0 .8-.3 1.5-.9 2.1z"
          />
        </svg>
        <p
          className="bpk-text bpk-text--base Story__locationName"
        >
          
        </p>
      </div>
      <p
        className="bpk-text bpk-text--base Story__text"
      >
        
      </p>
      <li
        className="Story__iconContainer"
      >
        <ul>
          <div
            className="bpk-card bpk-card--padded Story__upgrade__card"
            role="button"
          >
            <svg
              className="Story__upgrade__icon"
              height="24"
              style={
                Object {
                  "height": "1.5rem",
                  "width": "1.5rem",
                }
              }
              viewBox="0 0 24 24"
              width="24"
              xmlns="http://www.w3.org/2000/svg"
            >
              <path
                d="M12.8 3.5L15 8c.1.3.4.4.7.5l4.6.7c.7.1 1 1 .5 1.5L17 14.2c-.2.2-.3.5-.3.8l1.5 5c.1.7-.6 1.3-1.3.9l-4.4-3c-.3-.1-.6-.1-.8 0l-4.4 3c-.6.3-1.4-.2-1.3-.9l1.5-5c0-.3 0-.6-.3-.8l-3.8-3.5c-.7-.5-.4-1.4.4-1.5l4.6-.7c.2-.1.5-.2.6-.5l2.2-4.5c.3-.7 1.3-.7 1.6 0z"
              />
            </svg>
            <p
              className="bpk-text bpk-text--base Story__upgrade__text"
            >
              Promote
            </p>
          </div>
        </ul>
      </li>
    </div>
  </div>
</div>
`;
